Module: 0-add_integer
=====================

To use the "add_integer" function from the "0-add_integer" module, import it as follows:

>>> add_integer = __import__('0-add_integer').add_integer

Here are various test cases to validate the functionality of the "add_integer" function:

1. Addition of two positive integers should yield the correct sum:

>>> add_integer(1, 1)
2

2. The function should correctly sum one positive integer and one negative integer:

>>> add_integer(2, -1)
1

3. When both elements are negative integers, the function should return the accurate sum:

>>> add_integer(-2, -1)
-3

4. The function should also handle the addition of two floats and return the result as an integer:

>>> add_integer(1.1, 2.1)
3

5. Mixing an integer and a float in the input should still yield the correct integer sum:

>>> add_integer(1, 2.1)
3

6. When attempting to perform addition with infinity float numbers, an overflow error should be raised:

>>> add_integer(float('inf'), 1)
Traceback (most recent call last):
  ...
  OverflowError: cannot convert float infinity to an integer

7. Adding a string with a number should raise a `TypeError`:

>>> print(add_integer('notrebloh', 1))
Traceback (most recent call last):
  ...
  TypeError: a must be an integer

8. If only one value is provided, the function should return the sum with the default value of 98:

>>> add_integer(1)
99

9. Providing None as input should result in a `TypeError`:

>>> add_integer(None)
Traceback (most recent call last):
  TypeError: a must be an integer

10. Attempting to add a NaN (Not-a-Number) float should raise a `ValueError`:

>>> add_integer(float('nan'))
Traceback (most recent call last):
  ValueError: cannot convert float NaN to an integer

11. Finally, the function should not be able to add a list containing integers, and it should raise a `TypeError`:

>>> add_integer([1, 2, 3], 1)
Traceback (most recent call last):
  ...
  TypeError: a must be an integer

These test cases help ensure that the "add_integer" function behaves as expected and handles various input scenarios gracefully.
